2024-09-12 10:38:38:3838 [32minfo[39m: [32m🚀 Server ready at http://localhost:4000/graphql[39m
2024-09-12 10:38:47:3847 [32minfo[39m: [32m🚀 Server ready at http://localhost:4000/graphql[39m
2024-09-12 10:39:00:390 [32minfo[39m: [32m====================================== [39m
2024-09-12 10:39:00:390 [32minfo[39m: [32mCRON Running: '* * * * *'[39m
2024-09-12 10:39:00:390 [32minfo[39m: [32mCRON Ending: '* * * * *'[39m
2024-09-12 10:39:00:390 [32minfo[39m: [32m====================================== [39m
2024-09-12 10:40:59:4059 [32minfo[39m: [32m🚀 Server ready at http://localhost:4000/graphql[39m
2024-09-12 10:41:00:410 [32minfo[39m: [32m====================================== [39m
2024-09-12 10:41:00:410 [32minfo[39m: [32mCRON Running: '* * * * *'[39m
2024-09-12 10:41:00:410 [32minfo[39m: [32mCRON Ending: '* * * * *'[39m
2024-09-12 10:41:00:410 [32minfo[39m: [32m====================================== [39m
2024-09-12 10:41:24:4124 [32minfo[39m: [32m🚀 Server ready at http://localhost:4000/graphql[39m
2024-09-12 10:41:55:4155 [32minfo[39m: [32m🚀 Server ready at http://localhost:4000/graphql[39m
2024-09-12 10:42:00:420 [32minfo[39m: [32m====================================== [39m
2024-09-12 10:42:00:420 [32minfo[39m: [32mCRON Running: '* * * * *'[39m
2024-09-12 10:42:00:420 [32minfo[39m: [32mCRON Ending: '* * * * *'[39m
2024-09-12 10:42:00:420 [32minfo[39m: [32m====================================== [39m
2024-09-12 10:43:00:430 [32minfo[39m: [32m====================================== [39m
2024-09-12 10:43:00:430 [32minfo[39m: [32mCRON Running: '* * * * *'[39m
2024-09-12 10:43:00:430 [32minfo[39m: [32mCRON Ending: '* * * * *'[39m
2024-09-12 10:43:00:430 [32minfo[39m: [32m====================================== [39m
2024-09-12 10:44:00:440 [32minfo[39m: [32m====================================== [39m
2024-09-12 10:44:00:440 [32minfo[39m: [32mCRON Running: '* * * * *'[39m
2024-09-12 10:44:00:440 [32minfo[39m: [32mCRON Ending: '* * * * *'[39m
2024-09-12 10:44:00:440 [32minfo[39m: [32m====================================== [39m
2024-09-12 10:45:00:450 [32minfo[39m: [32m====================================== [39m
2024-09-12 10:45:00:450 [32minfo[39m: [32mCRON Running: '* * * * *'[39m
2024-09-12 10:45:00:450 [32minfo[39m: [32mCRON Ending: '* * * * *'[39m
2024-09-12 10:45:00:450 [32minfo[39m: [32m====================================== [39m
2024-09-12 10:46:00:460 [32minfo[39m: [32m====================================== [39m
2024-09-12 10:46:00:460 [32minfo[39m: [32mCRON Running: '* * * * *'[39m
2024-09-12 10:46:00:460 [32minfo[39m: [32mCRON Ending: '* * * * *'[39m
2024-09-12 10:46:00:460 [32minfo[39m: [32m====================================== [39m
2024-09-12 10:47:00:470 [32minfo[39m: [32m====================================== [39m
2024-09-12 10:47:00:470 [32minfo[39m: [32mCRON Running: '* * * * *'[39m
2024-09-12 10:47:00:470 [32minfo[39m: [32mCRON Ending: '* * * * *'[39m
2024-09-12 10:47:00:470 [32minfo[39m: [32m====================================== [39m
2024-09-12 10:48:00:480 [32minfo[39m: [32m====================================== [39m
2024-09-12 10:48:00:480 [32minfo[39m: [32mCRON Running: '* * * * *'[39m
2024-09-12 10:48:00:480 [32minfo[39m: [32mCRON Ending: '* * * * *'[39m
2024-09-12 10:48:00:480 [32minfo[39m: [32m====================================== [39m
2024-09-12 10:49:00:490 [32minfo[39m: [32m====================================== [39m
2024-09-12 10:49:00:490 [32minfo[39m: [32mCRON Running: '* * * * *'[39m
2024-09-12 10:49:00:490 [32minfo[39m: [32mCRON Ending: '* * * * *'[39m
2024-09-12 10:49:00:490 [32minfo[39m: [32m====================================== [39m
2024-09-12 10:50:00:500 [32minfo[39m: [32m====================================== [39m
2024-09-12 10:50:00:500 [32minfo[39m: [32mCRON Running: '* * * * *'[39m
2024-09-12 10:50:00:500 [32minfo[39m: [32mCRON Ending: '* * * * *'[39m
2024-09-12 10:50:00:500 [32minfo[39m: [32m====================================== [39m
2024-09-12 10:51:00:510 [32minfo[39m: [32m====================================== [39m
2024-09-12 10:51:00:510 [32minfo[39m: [32mCRON Running: '* * * * *'[39m
2024-09-12 10:51:00:510 [32minfo[39m: [32mCRON Ending: '* * * * *'[39m
2024-09-12 10:51:00:510 [32minfo[39m: [32m====================================== [39m
2024-09-12 10:52:00:520 [32minfo[39m: [32m====================================== [39m
2024-09-12 10:52:00:520 [32minfo[39m: [32mCRON Running: '* * * * *'[39m
2024-09-12 10:52:01:521 [32minfo[39m: [32mCRON Ending: '* * * * *'[39m
2024-09-12 10:52:01:521 [32minfo[39m: [32m====================================== [39m
2024-09-12 10:53:00:530 [32minfo[39m: [32m====================================== [39m
2024-09-12 10:53:00:530 [32minfo[39m: [32mCRON Running: '* * * * *'[39m
2024-09-12 10:53:00:530 [32minfo[39m: [32mCRON Ending: '* * * * *'[39m
2024-09-12 10:53:00:530 [32minfo[39m: [32m====================================== [39m
2024-09-12 10:54:00:540 [32minfo[39m: [32m====================================== [39m
2024-09-12 10:54:00:540 [32minfo[39m: [32mCRON Running: '* * * * *'[39m
2024-09-12 10:54:00:540 [32minfo[39m: [32mCRON Ending: '* * * * *'[39m
2024-09-12 10:54:00:540 [32minfo[39m: [32m====================================== [39m
2024-09-12 10:55:00:550 [32minfo[39m: [32m====================================== [39m
2024-09-12 10:55:00:550 [32minfo[39m: [32mCRON Running: '* * * * *'[39m
2024-09-12 10:55:00:550 [32minfo[39m: [32mCRON Ending: '* * * * *'[39m
2024-09-12 10:55:00:550 [32minfo[39m: [32m====================================== [39m
2024-09-12 10:56:00:560 [32minfo[39m: [32m====================================== [39m
2024-09-12 10:56:00:560 [32minfo[39m: [32mCRON Running: '* * * * *'[39m
2024-09-12 10:56:00:560 [32minfo[39m: [32mCRON Ending: '* * * * *'[39m
2024-09-12 10:56:00:560 [32minfo[39m: [32m====================================== [39m
2024-09-12 10:57:00:570 [32minfo[39m: [32m====================================== [39m
2024-09-12 10:57:00:570 [32minfo[39m: [32mCRON Running: '* * * * *'[39m
2024-09-12 10:57:00:570 [32minfo[39m: [32mCRON Ending: '* * * * *'[39m
2024-09-12 10:57:00:570 [32minfo[39m: [32m====================================== [39m
2024-09-12 10:58:00:580 [32minfo[39m: [32m====================================== [39m
2024-09-12 10:58:00:580 [32minfo[39m: [32mCRON Running: '* * * * *'[39m
2024-09-12 10:58:00:580 [32minfo[39m: [32mCRON Ending: '* * * * *'[39m
2024-09-12 10:58:00:580 [32minfo[39m: [32m====================================== [39m
2024-09-12 10:59:00:590 [32minfo[39m: [32m====================================== [39m
2024-09-12 10:59:00:590 [32minfo[39m: [32mCRON Running: '* * * * *'[39m
2024-09-12 10:59:00:590 [32minfo[39m: [32mCRON Ending: '* * * * *'[39m
2024-09-12 10:59:00:590 [32minfo[39m: [32m====================================== [39m
2024-09-12 11:00:00:00 [32minfo[39m: [32m====================================== [39m
2024-09-12 11:00:00:00 [32minfo[39m: [32mCRON Running: '* * * * *'[39m
2024-09-12 11:00:00:00 [32minfo[39m: [32mCRON Ending: '* * * * *'[39m
2024-09-12 11:00:00:00 [32minfo[39m: [32m====================================== [39m
2024-09-12 11:01:00:10 [32minfo[39m: [32m====================================== [39m
2024-09-12 11:01:00:10 [32minfo[39m: [32mCRON Running: '* * * * *'[39m
2024-09-12 11:01:00:10 [32minfo[39m: [32mCRON Ending: '* * * * *'[39m
2024-09-12 11:01:00:10 [32minfo[39m: [32m====================================== [39m
2024-09-12 11:02:00:20 [32minfo[39m: [32m====================================== [39m
2024-09-12 11:02:00:20 [32minfo[39m: [32mCRON Running: '* * * * *'[39m
2024-09-12 11:02:00:20 [32minfo[39m: [32mCRON Ending: '* * * * *'[39m
2024-09-12 11:02:00:20 [32minfo[39m: [32m====================================== [39m
2024-09-12 11:03:00:30 [32minfo[39m: [32m====================================== [39m
2024-09-12 11:03:00:30 [32minfo[39m: [32mCRON Running: '* * * * *'[39m
2024-09-12 11:03:00:30 [32minfo[39m: [32mCRON Ending: '* * * * *'[39m
2024-09-12 11:03:00:30 [32minfo[39m: [32m====================================== [39m
2024-09-12 11:04:00:40 [32minfo[39m: [32m====================================== [39m
2024-09-12 11:04:00:40 [32minfo[39m: [32mCRON Running: '* * * * *'[39m
2024-09-12 11:04:00:40 [32minfo[39m: [32mCRON Ending: '* * * * *'[39m
2024-09-12 11:04:00:40 [32minfo[39m: [32m====================================== [39m
2024-09-12 11:05:00:50 [32minfo[39m: [32m====================================== [39m
2024-09-12 11:05:00:50 [32minfo[39m: [32mCRON Running: '* * * * *'[39m
2024-09-12 11:05:00:50 [32minfo[39m: [32mCRON Ending: '* * * * *'[39m
2024-09-12 11:05:00:50 [32minfo[39m: [32m====================================== [39m
2024-09-12 11:05:15:515 [32minfo[39m: [32m🚀 Server ready at http://localhost:4000/graphql[39m
2024-09-12 11:05:25:525 [32minfo[39m: [32m🚀 Server ready at http://localhost:4000/graphql[39m
2024-09-12 11:05:46:546 [32minfo[39m: [32m🚀 Server ready at http://localhost:4000/graphql[39m
2024-09-12 11:05:58:558 [32minfo[39m: [32m🚀 Server ready at http://localhost:4000/graphql[39m
2024-09-12 11:06:06:66 [32minfo[39m: [32m🚀 Server ready at http://localhost:4000/graphql[39m
2024-09-12 11:06:17:617 [32minfo[39m: [32m🚀 Server ready at http://localhost:4000/graphql[39m
2024-09-12 11:06:34:634 [32minfo[39m: [32m🚀 Server ready at http://localhost:4000/graphql[39m
2024-09-12 11:06:42:642 [32minfo[39m: [32m🚀 Server ready at http://localhost:4000/graphql[39m
2024-09-12 11:06:48:648 [32minfo[39m: [32m🚀 Server ready at http://localhost:4000/graphql[39m
2024-09-12 11:06:54:654 [32minfo[39m: [32m🚀 Server ready at http://localhost:4000/graphql[39m
2024-09-12 11:07:09:79 [32minfo[39m: [32m🚀 Server ready at http://localhost:4000/graphql[39m
2024-09-12 11:07:23:723 [32minfo[39m: [32m🚀 Server ready at http://localhost:4000/graphql[39m
2024-09-12 11:07:33:733 [32minfo[39m: [32m🚀 Server ready at http://localhost:4000/graphql[39m
2024-09-12 11:07:45:745 [32minfo[39m: [32m🚀 Server ready at http://localhost:4000/graphql[39m
2024-09-12 11:07:51:751 [32minfo[39m: [32m🚀 Server ready at http://localhost:4000/graphql[39m
2024-09-12 11:07:59:759 [32minfo[39m: [32m🚀 Server ready at http://localhost:4000/graphql[39m
2024-09-12 11:08:08:88 [32minfo[39m: [32m🚀 Server ready at http://localhost:4000/graphql[39m
2024-09-12 11:08:28:828 [32minfo[39m: [32m🚀 Server ready at http://localhost:4000/graphql[39m
2024-09-12 11:08:43:843 [32minfo[39m: [32m🚀 Server ready at http://localhost:4000/graphql[39m
2024-09-12 11:08:52:852 [32minfo[39m: [32m🚀 Server ready at http://localhost:4000/graphql[39m
2024-09-12 11:09:01:91 [32minfo[39m: [32m🚀 Server ready at http://localhost:4000/graphql[39m
2024-09-12 11:09:08:98 [32minfo[39m: [32m🚀 Server ready at http://localhost:4000/graphql[39m
2024-09-12 11:09:12:912 [32minfo[39m: [32m🚀 Server ready at http://localhost:4000/graphql[39m
2024-09-12 11:09:25:925 [32minfo[39m: [32m🚀 Server ready at http://localhost:4000/graphql[39m
2024-09-12 11:09:52:952 [32minfo[39m: [32m🚀 Server ready at http://localhost:4000/graphql[39m
2024-09-12 11:10:00:100 [32minfo[39m: [32m====================================== [39m
2024-09-12 11:10:00:100 [32minfo[39m: [32mCRON Running: '* * * * *'[39m
2024-09-12 11:10:00:100 [32minfo[39m: [32mCRON Ending: '* * * * *'[39m
2024-09-12 11:10:00:100 [32minfo[39m: [32m====================================== [39m
2024-09-12 11:10:10:1010 [32minfo[39m: [32m🚀 Server ready at http://localhost:4000/graphql[39m
2024-09-12 11:10:20:1020 [32minfo[39m: [32m🚀 Server ready at http://localhost:4000/graphql[39m
2024-09-12 11:10:53:1053 [32minfo[39m: [32m🚀 Server ready at http://localhost:4000/graphql[39m
2024-09-12 11:11:04:114 [32minfo[39m: [32m🚀 Server ready at http://localhost:4000/graphql[39m
2024-09-12 11:11:30:1130 [32minfo[39m: [32m🚀 Server ready at http://localhost:4000/graphql[39m
2024-09-12 11:11:43:1143 [32minfo[39m: [32m🚀 Server ready at http://localhost:4000/graphql[39m
2024-09-12 11:11:48:1148 [32minfo[39m: [32m🚀 Server ready at http://localhost:4000/graphql[39m
2024-09-12 11:12:00:120 [32minfo[39m: [32m🚀 Server ready at http://localhost:4000/graphql[39m
2024-09-12 11:12:17:1217 [32minfo[39m: [32m🚀 Server ready at http://localhost:4000/graphql[39m
2024-09-12 11:12:22:1222 [32minfo[39m: [32m🚀 Server ready at http://localhost:4000/graphql[39m
2024-09-12 11:12:37:1237 [32minfo[39m: [32m🚀 Server ready at http://localhost:4000/graphql[39m
2024-09-12 11:13:00:130 [32minfo[39m: [32m====================================== [39m
2024-09-12 11:13:00:130 [32minfo[39m: [32mCRON Running: '* * * * *'[39m
2024-09-12 11:13:00:130 [32minfo[39m: [32mCRON Ending: '* * * * *'[39m
2024-09-12 11:13:00:130 [32minfo[39m: [32m====================================== [39m
2024-09-12 11:14:08:148 [32minfo[39m: [32m🚀 Server ready at http://localhost:4000/graphql[39m
2024-09-12 11:14:16:1416 [32minfo[39m: [32m🚀 Server ready at http://localhost:4000/graphql[39m
2024-09-12 11:14:28:1428 [32minfo[39m: [32m🚀 Server ready at http://localhost:4000/graphql[39m
2024-09-12 11:14:59:1459 [32minfo[39m: [32m🚀 Server ready at http://localhost:4000/graphql[39m
2024-09-12 11:15:07:157 [32minfo[39m: [32m🚀 Server ready at http://localhost:4000/graphql[39m
2024-09-12 11:15:15:1515 [32minfo[39m: [32m🚀 Server ready at http://localhost:4000/graphql[39m
2024-09-12 11:15:46:1546 [32minfo[39m: [32m🚀 Server ready at http://localhost:4000/graphql[39m
2024-09-12 11:16:07:167 [32minfo[39m: [32m🚀 Server ready at http://localhost:4000/graphql[39m
2024-09-12 11:17:00:170 [32minfo[39m: [32m====================================== [39m
2024-09-12 11:17:00:170 [32minfo[39m: [32mCRON Running: '* * * * *'[39m
2024-09-12 11:17:00:170 [32minfo[39m: [32mCRON Ending: '* * * * *'[39m
2024-09-12 11:17:00:170 [32minfo[39m: [32m====================================== [39m
2024-09-12 11:17:41:1741 [32minfo[39m: [32m🚀 Server ready at http://localhost:4000/graphql[39m
2024-09-12 11:17:53:1753 [32minfo[39m: [32m🚀 Server ready at http://localhost:4000/graphql[39m
2024-09-12 11:18:00:180 [32minfo[39m: [32m====================================== [39m
2024-09-12 11:18:00:180 [32minfo[39m: [32mCRON Running: '* * * * *'[39m
2024-09-12 11:18:00:180 [32minfo[39m: [32mCRON Ending: '* * * * *'[39m
2024-09-12 11:18:00:180 [32minfo[39m: [32m====================================== [39m
2024-09-12 11:18:04:184 [32minfo[39m: [32m🚀 Server ready at http://localhost:4000/graphql[39m
2024-09-12 11:18:30:1830 [32minfo[39m: [32m🚀 Server ready at http://localhost:4000/graphql[39m
2024-09-12 11:18:45:1845 [32minfo[39m: [32m🚀 Server ready at http://localhost:4000/graphql[39m
2024-09-12 11:19:00:190 [32minfo[39m: [32m====================================== [39m
2024-09-12 11:19:00:190 [32minfo[39m: [32mCRON Running: '* * * * *'[39m
2024-09-12 11:19:00:190 [32minfo[39m: [32mCRON Ending: '* * * * *'[39m
2024-09-12 11:19:00:190 [32minfo[39m: [32m====================================== [39m
2024-09-12 11:19:50:1950 [32minfo[39m: [32m🚀 Server ready at http://localhost:4000/graphql[39m
2024-09-12 11:20:00:200 [32minfo[39m: [32m====================================== [39m
2024-09-12 11:20:00:200 [32minfo[39m: [32mCRON Running: '* * * * *'[39m
2024-09-12 11:20:00:200 [32minfo[39m: [32mCRON Ending: '* * * * *'[39m
2024-09-12 11:20:00:200 [32minfo[39m: [32m====================================== [39m
2024-09-12 11:20:22:2022 [32minfo[39m: [32m🚀 Server ready at http://localhost:4000/graphql[39m
2024-09-12 11:20:47:2047 [32minfo[39m: [32m🚀 Server ready at http://localhost:4000/graphql[39m
2024-09-12 11:21:02:212 [32minfo[39m: [32m🚀 Server ready at http://localhost:4000/graphql[39m
2024-09-12 11:21:22:2122 [32minfo[39m: [32m🚀 Server ready at http://localhost:4000/graphql[39m
2024-09-12 11:22:00:220 [32minfo[39m: [32m====================================== [39m
2024-09-12 11:22:00:220 [32minfo[39m: [32mCRON Running: '* * * * *'[39m
2024-09-12 11:22:00:220 [32minfo[39m: [32mCRON Ending: '* * * * *'[39m
2024-09-12 11:22:00:220 [32minfo[39m: [32m====================================== [39m
2024-09-12 11:23:00:230 [32minfo[39m: [32m====================================== [39m
2024-09-12 11:23:00:230 [32minfo[39m: [32mCRON Running: '* * * * *'[39m
2024-09-12 11:23:00:230 [32minfo[39m: [32mCRON Ending: '* * * * *'[39m
2024-09-12 11:23:00:230 [32minfo[39m: [32m====================================== [39m
2024-09-12 11:46:34:4634 [32minfo[39m: [32m🚀 Server ready at http://localhost:4000/graphql[39m
2024-09-12 11:46:56:4656 [32minfo[39m: [32m🚀 Server ready at http://localhost:4000/graphql[39m
2024-09-12 11:47:00:470 [32minfo[39m: [32m====================================== [39m
2024-09-12 11:47:00:470 [32minfo[39m: [32mCRON Running: '* * * * *'[39m
2024-09-12 11:47:00:470 [32minfo[39m: [32mCRON Ending: '* * * * *'[39m
2024-09-12 11:47:00:470 [32minfo[39m: [32m====================================== [39m
2024-09-12 11:47:13:4713 [32minfo[39m: [32m🚀 Server ready at http://localhost:4000/graphql[39m
2024-09-12 11:47:19:4719 [32minfo[39m: [32m🚀 Server ready at http://localhost:4000/graphql[39m
2024-09-12 11:47:24:4724 [32minfo[39m: [32m🚀 Server ready at http://localhost:4000/graphql[39m
2024-09-12 15:33:31:3331 [32minfo[39m: [32m🚀 Server ready at http://localhost:4000/graphql[39m
2024-09-12 15:36:07:367 [32minfo[39m: [32m🚀 Server ready at http://localhost:4000/graphql[39m
2024-09-12 15:36:36:3636 [32minfo[39m: [32m🚀 Server ready at http://localhost:4000/graphql[39m
2024-09-12 15:46:01:461 [32minfo[39m: [32m🚀 Server ready at http://localhost:4000/graphql[39m
2024-09-12 15:46:12:4612 [32minfo[39m: [32m🚀 Server ready at http://localhost:4000/graphql[39m
2024-09-12 15:49:16:4916 [32minfo[39m: [32m🚀 Server ready at http://localhost:4000/graphql[39m
2024-09-12 15:52:46:5246 [32minfo[39m: [32m🚀 Server ready at http://localhost:4000/graphql[39m
2024-09-12 16:07:10:710 [32minfo[39m: [32m🚀 Server ready at http://localhost:4000/graphql[39m
2024-09-12 16:09:34:934 [32minfo[39m: [32m🚀 Server ready at http://localhost:4000/graphql[39m
2024-09-12 16:10:22:1022 [32minfo[39m: [32m🚀 Server ready at http://localhost:4000/graphql[39m
2024-09-12 16:35:57:3557 [32minfo[39m: [32m🚀 Server ready at http://localhost:4000/graphql[39m
2024-09-12 16:36:00:360 [31merror[39m: [31mconnect ECONNREFUSED 127.0.0.1:587[39m
2024-09-12 16:48:33:4833 [32minfo[39m: [32m🚀 Server ready at http://localhost:4000/graphql[39m
2024-09-12 16:48:49:4849 [32minfo[39m: [32m🚀 Server ready at http://localhost:4000/graphql[39m
2024-09-12 16:49:09:499 [31merror[39m: [31mconnect ECONNREFUSED 127.0.0.1:587[39m
2024-09-12 16:57:28:5728 [32minfo[39m: [32m🚀 Server ready at http://localhost:4000/graphql[39m
2024-09-12 17:10:00:100 [32minfo[39m: [32m🚀 Server ready at http://localhost:4000/graphql[39m
2024-09-12 17:10:17:1017 [32minfo[39m: [32m🚀 Server ready at http://localhost:4000/graphql[39m
2024-09-12 17:10:24:1024 [32minfo[39m: [32m🚀 Server ready at http://localhost:4000/graphql[39m
2024-09-12 17:10:49:1049 [32minfo[39m: [32m🚀 Server ready at http://localhost:4000/graphql[39m
2024-09-12 17:20:50:2050 [32minfo[39m: [32m🚀 Server ready at http://localhost:4000/graphql[39m
2024-09-12 17:21:17:2117 [32minfo[39m: [32m🚀 Server ready at http://localhost:4000/graphql[39m
2024-09-12 17:21:33:2133 [32minfo[39m: [32m🚀 Server ready at http://localhost:4000/graphql[39m
2024-09-12 17:21:38:2138 [32minfo[39m: [32m🚀 Server ready at http://localhost:4000/graphql[39m
2024-09-13 11:59:26:5926 [32minfo[39m: [32m🚀 Server ready at http://localhost:4000/graphql[39m
2024-09-13 13:47:04:474 [32minfo[39m: [32m🚀 Server ready at http://localhost:4000/graphql[39m
2024-09-13 14:19:20:1920 [32minfo[39m: [32m🚀 Server ready at http://localhost:4000/graphql[39m
2024-09-13 14:20:24:2024 [31merror[39m: [31mMessage failed: 554 5.2.252 SendAsDenied; info@autocllan.com not allowed to send as noreply@quick-shipp.com; STOREDRV.Submission.Exception:SendAsDeniedException.MapiExceptionSendAsDenied; Failed to process message due to a permanent exception with message [BeginDiagnosticData]Cannot submit message. 1.84300:0A000000, 1.84300:0A000000, 1.84300:0E000000, 1.84300:32000000, 1.116652:38130000, 1.81836:36020000, 0.117068:56000000, 1.79180:0A000000, 1.79180:0A000000, 1.79180:0E000000, 1.79180:32000000, 1.79180:FA000000, 0.73100:07000000, 0.38698:05000780, 1.41134:87000000, 1.41134:47000000, 0.37692:13682B01, 0.37948:7A000100, 5.33852:00000000534D545000240A01, 7.36354:01000000000001097A000100, 4.56248:DC040000, 7.40748:010000000000010BA4065583, 7.57132:000000000000000006000000, 4.39640:DC040000, 1.63016:32000000, 8.45434:2286515051018F4EAD87082AC903CD2B0C000000, 1.46798:04000000, 5.10786:0000000031352E32302E373936322E3030373A414D39503139304D42313336333A36336432616138342D656634382D346463622D383861392D3730663330346461333030363A3139363336343A2E4E455420382E302E3800302E3739, 7.51330:3C44B80FE6D3DC0839304D42, 0.39570:3A363364, 1.55954:0A000000, 1.33010:0A000000, 2.54258:00000000, 0.40002:07000000, 1.56562:00000000, 1.33010:0A000000, 2.54258:00000000, 0.40002:0C000000, 1.56562:00000000, 1.55954:0A000000, 1.33010:0A000000, 2.54258:00000000, 0.40002:00000000, 1.56562:00000000, 1.33010:0A000000, 2.54258:00000000, 0.40002:00000000, 1.56562:00000000, 1.64146:0E000000, 1.33010:0E000000, 2.54258:00000000, 1.33010:0E000000, 2.54258:00000000, 1.64146:32000000, 1.33010:32000000, 2.54258:DC040000, 1.33010:32000000, 2.54258:DC040000, 0.79500:00000000, 0.100684:00000000, 4.120460:DC040000, 1.52466:02000000, 1.52466:02000000, 1.42738:05000000, 0.37698:81000000, 1.42738:05000000, 0.37698:09000000, 1.52466:01000000, 0.60402:02000000, 1.52466:01000000[EndDiagnosticData] [Hostname=AM9P190MB1363.EURP190.PROD.OUTLOOK.COM][39m
2024-09-13 14:21:49:2149 [32minfo[39m: [32m🚀 Server ready at http://localhost:4000/graphql[39m
2024-09-13 14:21:57:2157 [32minfo[39m: [32m🚀 Server ready at http://localhost:4000/graphql[39m
2024-09-13 14:22:09:229 [32minfo[39m: [32m🚀 Server ready at http://localhost:4000/graphql[39m
2024-09-13 14:22:26:2226 [32minfo[39m: [32m🚀 Server ready at http://localhost:4000/graphql[39m
2024-09-13 14:27:19:2719 [31merror[39m: [31mTemplate error: ENOENT: no such file or directory, open 'C:\Users\jojoW\Desktop\School\School\ACS 400\Project\quick-ship-server\src\templates\reset-password-otp.ejs'[39m
2024-09-13 14:27:42:2742 [32minfo[39m: [32m🚀 Server ready at http://localhost:4000/graphql[39m
2024-09-13 14:29:50:2950 [32minfo[39m: [32m🚀 Server ready at http://localhost:4000/graphql[39m
2024-09-13 14:34:58:3458 [32minfo[39m: [32m🚀 Server ready at http://localhost:4000/graphql[39m
2024-09-13 14:35:19:3519 [32minfo[39m: [32m🚀 Server ready at http://localhost:4000/graphql[39m
2024-09-13 14:35:31:3531 [32minfo[39m: [32m🚀 Server ready at http://localhost:4000/graphql[39m
2024-09-14 00:30:06:306 [32minfo[39m: [32m🚀 Server ready at http://localhost:4000/graphql[39m
